// Jest Snapshot v1, https://goo.gl/fbAQLP

exports[`SavedPage should match the snapshot 1`] = `ShallowWrapper {}`;
