// Jest Snapshot v1, https://goo.gl/fbAQLP

exports[`EventsContainer should match the snapshot 1`] = `ShallowWrapper {}`;
